main.c:94:5:pot_rotate_control	56	static
main.c:139:6:dual_arm_control	16	static
main.c:166:5:motor_pid	48	static
main.c:190:7:read_arm_encoder_value	32	static
main.c:208:9:read_rotary_encoder_value	16	static
main.c:219:5:distance_read	8	static
main.c:233:5:main	1032	static
main.c:387:6:SystemClock_Config	88	static
main.c:432:13:MX_ADC1_Init	24	static
main.c:482:13:MX_I2C1_Init	8	static
main.c:516:13:MX_I2C3_Init	8	static
main.c:550:13:MX_TIM1_Init	80	static
main.c:614:13:MX_TIM2_Init	48	static
main.c:663:13:MX_TIM3_Init	48	static
main.c:720:13:MX_TIM4_Init	56	static
main.c:769:13:MX_USART2_UART_Init	8	static
main.c:802:13:MX_GPIO_Init	48	static
main.c:870:6:Error_Handler	4	static,ignoring_inline_asm
