main.c:94:5:pot_rotate_control	120	static
main.c:149:6:dual_arm_control	16	static
main.c:176:5:motor_pid	48	static
main.c:200:7:read_arm_encoder_value	32	static
main.c:218:9:read_rotary_encoder_value	16	static
main.c:229:5:distance_read	8	static
main.c:243:5:main	1032	static
main.c:397:6:SystemClock_Config	88	static
main.c:442:13:MX_ADC1_Init	24	static
main.c:492:13:MX_I2C1_Init	8	static
main.c:526:13:MX_I2C3_Init	8	static
main.c:560:13:MX_TIM1_Init	80	static
main.c:624:13:MX_TIM2_Init	48	static
main.c:673:13:MX_TIM3_Init	48	static
main.c:730:13:MX_TIM4_Init	56	static
main.c:779:13:MX_USART2_UART_Init	8	static
main.c:812:13:MX_GPIO_Init	48	static
main.c:880:6:Error_Handler	4	static,ignoring_inline_asm
