core_cm4.h:1939:34:__NVIC_SystemReset	4	static,ignoring_inline_asm
main.c:94:10:pot_rotate_control	120	static
main.c:157:6:dual_arm_control	24	static
main.c:184:5:motor_pid	48	static
main.c:208:7:read_arm_encoder_value	56	static
main.c:232:10:read_rotary_encoder_value	16	static
main.c:243:5:distance_read	8	static
main.c:257:5:main	1064	static
main.c:457:6:SystemClock_Config	88	static
main.c:502:13:MX_ADC1_Init	24	static
main.c:552:13:MX_I2C1_Init	8	static
main.c:586:13:MX_I2C3_Init	8	static
main.c:620:13:MX_TIM1_Init	80	static
main.c:684:13:MX_TIM2_Init	48	static
main.c:733:13:MX_TIM3_Init	48	static
main.c:790:13:MX_TIM4_Init	56	static
main.c:839:13:MX_USART2_UART_Init	8	static
main.c:872:13:MX_GPIO_Init	48	static
main.c:952:6:Error_Handler	4	static,ignoring_inline_asm
