main.c:95:5:pot_rotate_control	120	static
main.c:153:6:dual_arm_control	16	static
main.c:182:5:motor_pid	48	static
main.c:206:7:read_arm_encoder_value	56	static
main.c:224:9:read_rotary_encoder_value	16	static
main.c:235:5:distance_read	8	static
main.c:249:5:main	1040	static
main.c:416:6:SystemClock_Config	88	static
main.c:461:13:MX_ADC1_Init	24	static
main.c:511:13:MX_I2C1_Init	8	static
main.c:545:13:MX_I2C3_Init	8	static
main.c:579:13:MX_TIM1_Init	80	static
main.c:643:13:MX_TIM2_Init	48	static
main.c:692:13:MX_TIM3_Init	48	static
main.c:749:13:MX_TIM4_Init	56	static
main.c:798:13:MX_USART2_UART_Init	8	static
main.c:831:13:MX_GPIO_Init	48	static
main.c:899:6:Error_Handler	4	static,ignoring_inline_asm
